<html>
<body>
<pre>
<h1>µVision Build Log</h1>
<h2>Tool Versions:</h2>
IDE-Version: µVision V5.29.0.0
Copyright (C) 2019 ARM Ltd and ARM Germany GmbH. All rights reserved.
License Information: no_first_name no_last_name, no_company, LIC=UJWGK-ZY831-LPPZV-PPGVQ-82HW3-C6LMS
 
Tool Versions:
Toolchain:       MDK-ARM Plus  Version: 5.30.0.0
Toolchain Path:  C:\Keil\ARM\ARMCLANG\Bin
C Compiler:      ArmClang.exe V6.14
Assembler:       Armasm.exe V6.14
Linker/Locator:  ArmLink.exe V6.14
Library Manager: ArmAr.exe V6.14
Hex Converter:   FromElf.exe V6.14
CPU DLL:         SARMCM3.DLL V5.30.0.0
Dialog DLL:      DCM.DLL V1.17.3.0
Target DLL:      STLink\ST-LINKIII-KEIL_SWO.dll V3.0.7.0
Dialog DLL:      TCM.DLL V1.42.0.0
 
<h2>Project:</h2>
C:\Users\Nermin\Desktop\Dzevad\fw\ICBL\MDK-ARM\ICBL.uvprojx
Project File Date:  01/07/2022

<h2>Output:</h2>
*** Using Compiler 'V6.14', folder: 'C:\Keil\ARM\ARMCLANG\Bin'
Rebuild target 'ICBL'
Before Build - User command #1: Run\fwbuild.bat
C:\Users\Nermin\Desktop\Dzevad\fw\ICBL\MDK-ARM>for /F "tokens=1,2,3,4 delims=/ " %a in ("Fri 01/07/2022") do set wday=%a  & set day=%b  & set month=%c  & set year=%d 
C:\Users\Nermin\Desktop\Dzevad\fw\ICBL\MDK-ARM>set wday=Fri  & set day=01  & set month=07  & set year=2022 
C:\Users\Nermin\Desktop\Dzevad\fw\ICBL\MDK-ARM>for /F "tokens=1,2,3 delims=:" %a in ("12:21:40.98") do set hour=%a  & set minute=%b  & set seconds=%c 
C:\Users\Nermin\Desktop\Dzevad\fw\ICBL\MDK-ARM>set hour=12  & set minute=21  & set seconds=40.98 
C:\Users\Nermin\Desktop\Dzevad\fw\ICBL\MDK-ARM>(
echo #define FW_DATE                                	0x00220701  
 echo #define FW_TIME                        			0x00122140  
) 1>"..\..\Common\fwbuild.h" 
C:\Users\Nermin\Desktop\Dzevad\fw\ICBL\MDK-ARM>cscript ..\..\Common\fwbuild.vbs 
Microsoft (R) Windows Script Host Version 5.812
Copyright (C) Microsoft Corporation. All rights reserved.
C:\Users\Nermin\Desktop\Dzevad\fw\ICBL\MDK-ARM>..\..\Common\incbild.exe "..\..\Common\common.h" 
compiling system_stm32f7xx.c...
compiling stm32f7xx_hal.c...
compiling stm32f7xx_hal_flash.c...
compiling stm32f7xx_hal_flash_ex.c...
compiling stm32f7xx_hal_cortex.c...
compiling stm32f7xx_hal_dma.c...
compiling stm32746g_qspi.c...
compiling stm32f7xx_hal_pwr.c...
compiling stm32f7xx_hal_gpio.c...
compiling stm32f7xx_hal_pwr_ex.c...
compiling stm32f7xx_hal_rcc.c...
compiling stm32f7xx_hal_sdram.c...
compiling stm32f7xx_hal_rcc_ex.c...
assembling startup_stm32f746xx.s...
compiling stm32f7xx_hal_crc.c...
compiling stm32f7xx_hal_iwdg.c...
compiling stm32f7xx_hal_crc_ex.c...
compiling stm32f7xx_it.c...
compiling stm32f7xx_hal_qspi.c...
compiling main.c...
compiling common.c...
linking...
Program Size: Code=9552 RO-data=520 RW-data=4 ZI-data=8604  
FromELF: creating hex file...
After Build - User command #1: Run\icbl.bat
C:\Users\Nermin\Desktop\Dzevad\fw\ICBL\MDK-ARM>ECHO OFF 
".\Exe\icbl.axf" - 0 Error(s), 0 Warning(s).

<h2>Software Packages used:</h2>

Package Vendor: ARM
                http://www.keil.com/pack/ARM.CMSIS.5.7.0.pack
                ARM.CMSIS.5.7.0
                CMSIS (Cortex Microcontroller Software Interface Standard)
   * Component: CORE Version: 5.4.0

Package Vendor: Keil
                http://www.keil.com/pack/Keil.STM32F7xx_DFP.2.14.0.pack
                Keil.STM32F7xx_DFP.2.14.0
                STMicroelectronics STM32F7 Series Device Support, Drivers and Examples

<h2>Collection of Component include folders:</h2>
  .\RTE\_ICBL
  C:\Users\Nermin\AppData\Local\Arm\Packs\ARM\CMSIS\5.7.0\CMSIS\Core\Include
  C:\Users\Nermin\AppData\Local\Arm\Packs\Keil\STM32F7xx_DFP\2.14.0\Drivers\CMSIS\Device\ST\STM32F7xx\Include

<h2>Collection of Component Files used:</h2>

   * Component: ARM::CMSIS:CORE:5.4.0
Build Time Elapsed:  00:00:03
</pre>
</body>
</html>
