<html>
<body>
<pre>
<h1>µVision Build Log</h1>
<h2>Tool Versions:</h2>
IDE-Version: µVision V5.38.0.0
Copyright (C) 2022 ARM Ltd and ARM Germany GmbH. All rights reserved.
License Information: no_first_name no_last_name, no_company, LIC=AK1BF-6GHG0-D3FM3-A9RWF-6WJZH-8G282
 
Tool Versions:
Toolchain:       MDK-ARM Professional  Version: 5.38.0.0
Toolchain Path:  C:\Keil\ARM\ARMCLANG\Bin
C Compiler:      ArmClang.exe V6.19
Assembler:       Armasm.exe V6.19
Linker/Locator:  ArmLink.exe V6.19
Library Manager: ArmAr.exe V6.19
Hex Converter:   FromElf.exe V6.19
CPU DLL:         SARMCM3.DLL V5.38.0.0
Dialog DLL:      DCM.DLL V1.17.5.0
Target DLL:      STLink\ST-LINKIII-KEIL_SWO.dll V3.1.0.0
Dialog DLL:      TCM.DLL V1.56.4.0
 
<h2>Project:</h2>
C:\ProjektiOtvoreni\ic_uni\IC\MDK-ARM\IC.uvprojx
Project File Date:  10/07/2025

<h2>Output:</h2>
*** Using Compiler 'V6.19', folder: 'C:\Keil\ARM\ARMCLANG\Bin'
Rebuild target 'IC'
compiling blindMedium.c...
compiling icons_lights_ceiling_led_fixture_off.c...
compiling alHamliQR.c...
compiling SijalicaOff.c...
compiling next.c...
compiling icons_lights_chandelier_off.c...
compiling SijalicaOn.c...
compiling mobilePhone.c...
compiling previous.c...
compiling colorSpectrum.c...
compiling wifi.c...
compiling Termometar.c...
compiling icons_lights_ceiling_led_fixture_on.c...
compiling icons_lights_chandelier_on.c...
compiling blackWhiteGradient.c...
compiling icons_lights_hanging_off.c...
compiling icons_lights_spot_single_off.c...
compiling icons_lights_spot_console_off.c...
compiling icons_lights_hanging_on.c...
compiling icons_lights_spot_console_on.c...
compiling icons_lights_led_on.c...
compiling icons_lights_led_off.c...
compiling icons_lights_spot_single_on.c...
compiling icons_lights_stairs_off.c...
compiling icons_lights_stairs_on.c...
compiling icons_lights_wall_on.c...
compiling icons_lights_wall_off.c...
compiling icons_security_sos.c...
compiling icons_language_bos.c...
compiling icons_settings.c...
compiling icons_language_eng.c...
compiling icons_scene_dinner.c...
compiling icons_scene_leaving.c...
compiling icons_scene_gathering.c...
compiling icons_scene_morning.c...
compiling icons_scene_movie.c...
compiling icons_scene_reading.c...
compiling icons_scene_relaxing.c...
compiling icons_scene_security.c...
compiling icons_scene_sleep.c...
compiling icons_menu_gate.c...
compiling icons_menu_timers.c...
compiling icons_scene_wizzard.c...
compiling icons_toggle_on.c...
compiling icons_scene_homecoming.c...
compiling icons_toogle_off.c...
compiling icons_date_time.c...
compiling icons_button_down.c...
compiling icons_button_fast_forward.c...
compiling icons_button_fast_reverse.c...
compiling icons_button_right.c...
compiling icons_button_left.c...
compiling icons_button_cancel.c...
compiling icons_button_up.c...
compiling icons_button_ok.c...
compiling icons_button_cancel_50_squared.c...
compiling icons_button_save_50_squared.c...
compiling icons_button_reset.c...
compiling icons_button_select_40_sqaured.c...
compiling icons_alarm_20.c...
compiling icons_cooling_20.c...
compiling icons_heating_20.c...
compiling icons_cooling_20_activ.c...
compiling icons_heating_20_activ.c...
compiling icons_gate_garage_door_closed.c...
compiling icons_gate_garage_door_open.c...
compiling icons_gate_garage_door_partial_open.c...
compiling icons_gate_pedestrian_open.c...
compiling icons_gate_pedestrian_closed.c...
compiling icons_gate_ramp_closed.c...
compiling icons_gate_ramp_open.c...
compiling icons_gate_ramp_partial_open.c...
compiling icons_gate_swing_gate_closed.c...
compiling icons_gate_swing_gate_open.c...
compiling icons_gate_swing_gate_partial_open.c...
compiling icons_gate_sliding_gate_open.c...
compiling icons_gate_sliding_gate_closed.c...
compiling icons_gate_sliding_gate_partial_open.c...
compiling icons_button_down_50_squared.c...
compiling icons_button_fast_forward_50_squared.c...
compiling icons_button_fast_reverse_50_squared.c...
compiling icons_button_left_50_squared.c...
compiling icons_button_right_50_squared.c...
compiling icons_toogle_off_50_squared.c...
compiling icons_toggle_on_50_squared.c...
compiling icons_button_up_50_squared.c...
compiling icons_gate_garage_door_opening.c...
compiling icons_gate_garage_door_closing.c...
compiling icons_gate_ramp_closing.c...
compiling icons_gate_ramp_opening.c...
compiling icons_gate_sliding_gate_closing.c...
compiling icons_gate_sliding_gate_opening.c...
compiling icons_gate_swing_gate_closing.c...
compiling icons_gate_swing_gate_opening.c...
compiling icons_menu_language_bhsc.c...
compiling icons_menu_language_eng.c...
compiling icons_menu_language_cze.c...
compiling icons_menu_language_fra.c...
compiling icons_menu_language_ger.c...
compiling icons_menu_language_ita.c...
compiling icons_menu_language_pol.c...
compiling icons_menu_language_rus.c...
compiling icons_menu_language_slo.c...
compiling icons_menu_language_ukr.c...
compiling icons_menu_language_spa.c...
compiling icons_menu_ventilator_on.c...
compiling icons_menu_defroster_off.c...
compiling icons_menu_ventilator_off.c...
compiling icons_menu_defroster_on.c...
compiling icons_menu_theme.c...
compiling icons_menu_clean.c...
compiling icons_menu_all_off.c...
compiling icons_menu_outdoor_lihts_on.c...
compiling icons_menu_outdoor_lihts_off.c...
compiling animation_welcome_frame_05.c...
compiling animation_welcome_frame_10.c...
compiling animation_welcome_frame_15.c...
compiling Verdana16_LAT.c...
compiling Verdana20_LAT.c...
compiling animation_welcome_frame_25.c...
compiling animation_welcome_frame_20.c...
compiling animation_welcome_frame_30.c...
compiling animation_welcome_frame_40.c...
compiling animation_welcome_frame_35.c...
compiling animation_welcome_frame_45.c...
compiling animation_welcome_frame_60.c...
compiling animation_welcome_frame_50.c...
compiling animation_welcome_frame_55.c...
compiling Verdana32_LAT.c...
compiling animation_welcome_frame_65.c...
compiling animation_welcome_frame_80.c...
compiling animation_welcome_frame_70.c...
compiling animation_welcome_frame_75.c...
compiling animation_welcome_frame_85.c...
compiling animation_welcome_frame_90.c...
compiling animation_welcome_frame_95.c...
compiling animation_welcome_frame_100.c...
compiling animation_candle_frame_1.c...
compiling animation_welcome_frame_final.c...
compiling animation_candle_frame_2.c...
compiling animation_candle_frame_3.c...
compiling animation_candle_frame_4.c...
compiling ft5336.c...
compiling system_stm32f7xx.c...
compiling stm32746g_ts.c...
compiling stm32746g.c...
compiling stm32746g_sdram.c...
compiling stm32f7xx_hal.c...
compiling stm32746g_qspi.c...
compiling stm32746g_eeprom.c...
compiling stm32f7xx_hal_adc.c...
compiling stm32f7xx_hal_adc_ex.c...
compiling stm32f7xx_hal_cortex.c...
compiling stm32f7xx_hal_dsi.c...
compiling stm32f7xx_hal_dma.c...
compiling stm32f7xx_hal_flash.c...
compiling stm32f7xx_hal_flash_ex.c...
compiling stm32f7xx_hal_i2c_ex.c...
compiling stm32f7xx_hal_gpio.c...
compiling stm32f7xx_hal_ltdc_ex.c...
compiling stm32f7xx_hal_pwr.c...
compiling stm32f7xx_hal_ltdc.c...
compiling stm32f7xx_hal_pwr_ex.c...
compiling stm32f7xx_hal_rcc_ex.c...
compiling stm32f7xx_hal_rcc.c...
compiling stm32f7xx_hal_rtc.c...
compiling stm32f7xx_hal_i2c.c...
compiling stm32f7xx_hal_sdram.c...
compiling stm32f7xx_hal_rtc_ex.c...
compiling stm32f7xx_hal_tim_ex.c...
compiling stm32f7xx_hal_tim.c...
compiling stm32f7xx_hal_uart.c...
compiling stm32f7xx_ll_fmc.c...
compiling stm32f7xx_hal_crc.c...
compiling stm32f7xx_hal_crc_ex.c...
compiling stm32f7xx_hal_dma2d.c...
compiling stm32f7xx_hal_usart.c...
compiling stm32f7xx_hal_sai.c...
compiling stm32f7xx_hal_i2s.c...
compiling stm32f7xx_hal_iwdg.c...
compiling stm32f7xx_hal_qspi.c...
compiling GUIConf.c...
compiling GUI_X.c...
compiling compress.c...
compiling adler32.c...
compiling crc32.c...
compiling stm32f7xx_hal_spi.c...
compiling LCDConf.c...
compiling GUI_PNG.c...
compiling IMAGE_PNG.c...
compiling deflate.c...
compiling infback.c...
compiling inftrees.c...
compiling inffast.c...
compiling pngerror.c...
compiling pngget.c...
compiling png.c...
compiling pngmem.c...
compiling pngrio.c...
compiling pngpread.c...
compiling pngread.c...
compiling pngwio.c...
compiling pngwrite.c...
compiling pngrtran.c...
compiling pngtrans.c...
compiling pngwtran.c...
compiling pngwutil.c...
compiling pngset.c...
compiling uncompr.c...
compiling trees.c...
compiling pngrutil.c...
compiling zutil.c...
assembling startup_stm32f746xx.s...
assembling incl_gui_bmp.s...
compiling inflate.c...
compiling firmware_update_agent.c...
compiling stm32f7xx_it.c...
compiling thermostat.c...
compiling ventilator.c...
compiling common.c...
compiling TinyFrame.c...
compiling defroster.c...
compiling security.c...
compiling curtain.c...
compiling buzzer.c...
compiling scene.c...
compiling lights.c...
compiling rs485.c...
compiling timer.c...
compiling main.c...
compiling gate.c...
compiling display.c...
linking...
Program Size: Code=267008 RO-data=3000672 RW-data=2113348 ZI-data=169108  
FromELF: creating hex file...
".\Exe\ic.axf" - 0 Error(s), 0 Warning(s).

<h2>Software Packages used:</h2>

Package Vendor: ARM
                http://www.keil.com/pack/ARM.CMSIS.5.9.0.pack
                ARM.CMSIS.5.9.0
                CMSIS (Common Microcontroller Software Interface Standard)
   * Component: CORE Version: 5.6.0

Package Vendor: Keil
                https://www.keil.com/pack/Keil.STM32F7xx_DFP.3.0.0.pack
                Keil.STM32F7xx_DFP.3.0.0
                STMicroelectronics STM32F7 Series Device Support

<h2>Collection of Component include folders:</h2>
  ./RTE/_IC
  C:/Repo/Packs/ARM/CMSIS/5.9.0/CMSIS/Core/Include

<h2>Collection of Component Files used:</h2>

   * Component: ARM::CMSIS:CORE:5.6.0
Build Time Elapsed:  00:00:10
</pre>
</body>
</html>
